<ts:contract name="USDT">
	<ts:address network="1">0xdAC17F958D2ee523a2206206994597C13D831ec7</ts:address></ts:contract>
<ts:contract name="HBTC">
	<ts:address network="1">0x0316EB71485b0Ab14103307bf65a021042c6d380</ts:address></ts:contract>
<ts:contract name="NEST">
	<ts:address network="1">0x04abEdA201850aC0124161F037Efd70c74ddC74C</ts:address></ts:contract>
<ts:contract name="WETH">
	<ts:address network="1">0xC02aaA39b223FE8D0A0e5C4F27eAD9083C756Cc2</ts:address></ts:contract>
<ts:contract name="NestPriceOracle">
	<ts:address network="1">0x94F36FAa6bB4f74009637292b09C355CcD3e80Eb</ts:address></ts:contract>
<ts:contract name="NEST3VoteFactory">
	<ts:address network="1">0x6Cd5698E8854Fb6879d6B1C694223b389B465dea</ts:address></ts:contract>
<ts:contract name="CoFiXKTable">
	<ts:address network="1">0x75E360Be6248Bd46030C6818624a09403EF5eC21</ts:address></ts:contract>
<ts:contract name="CoFiToken">
	<ts:address network="1">0x1a23a6BfBAdB59fa563008c0fB7cf96dfCF34Ea1</ts:address></ts:contract>
<ts:contract name="CoFiXNode">
	<ts:address network="1">0x558201DC4741efc11031Cdc3BC1bC728C23bF512</ts:address></ts:contract>
<ts:contract name="CoFiXFactory">
	<ts:address network="1">0x66C64ecC3A6014733325a8f2EBEE46B4CA3ED550</ts:address></ts:contract>
<ts:contract name="CoFiXRouter">
	<ts:address network="1">0x26aaD4D82f6c9FA6E34D8c1067429C986A055872</ts:address></ts:contract>
<ts:contract name="CoFiXController">
	<ts:address network="1">0x7e497Be7532CC4954D73c6dF93F016c53CC0C29a</ts:address></ts:contract>
<ts:contract name="CoFiXVaultForLP">
	<ts:address network="1">0x6903b1C17A5A0A9484c7346E5c0956027A713fCF</ts:address></ts:contract>
<ts:contract name="CoFiXVaultForTrader">
	<ts:address network="1">0xE6183d3094a9e360B123Ec1330afAE76A74d1cbF</ts:address></ts:contract>
<ts:contract name="CoFiXVaultForCNode">
	<ts:address network="1">0x7eDa8251aC08E7898E986DbeC4Ba97B421d545DD</ts:address></ts:contract>
<ts:contract name="CoFiStakingRewards">
	<ts:address network="1">0x0061c52768378b84306b2665f098c3e0b2C03308</ts:address></ts:contract>
<ts:contract name="ETH-USDT_Pair">
	<ts:address network="1">0xb2b7BeDd7d7fc19804C7Dd4a4E8174C4c73C210d</ts:address></ts:contract>
<ts:contract name="ETH-HBTC_Pair">
	<ts:address network="1">0x7C2d7b53AcA4038f2Eb649164181114B9AEE93CB</ts:address></ts:contract>
<ts:contract name="CoFiXStakingRewards_ETH-USDT">
	<ts:address network="1">0x3B67fe44216d3e147bA8ccF6E49d2E576441cb10</ts:address></ts:contract>
<ts:contract name="CoFiXStakingRewards_ETH-HBTC">
	<ts:address network="1">0x5Fd4Eb552965F0Db9F50Ac285C55C8397F19F45B</ts:address></ts:contract>
<ts:contract name="CNodeStakingRewards_CNode">
	<ts:address network="1">0xb697A2528D57a2BA8E75E2F33eD56B594cf9F308</ts:address></ts:contract>
